2026-03-16 13:59:36,514 - community_algorithm - ERROR - oss_oper.py:36 - OSS客户端初始化失败（OssError）: {'status': 404, 'x-oss-request-id': '69B79C485C5A723939C78C43', 'details': {'Code': 'NoSuchBucket', 'Message': 'The specified bucket does not exist.', 'RequestId': '69B79C485C5A723939C78C43', 'HostId': 'community-fault-img.oss-cn-shanghai.aliyuncs.com', 'BucketName': 'community-fault-img', 'EC': '0015-00000101', 'RecommendDoc': 'https://api.aliyun.com/troubleshoot?q=0015-00000101'}}
2026-03-16 13:59:49,953 - community_algorithm - ERROR - oss_oper.py:36 - OSS客户端初始化失败（OssError）: {'status': 404, 'x-oss-request-id': '69B79C55216A4F343623804B', 'details': {'Code': 'NoSuchBucket', 'Message': 'The specified bucket does not exist.', 'RequestId': '69B79C55216A4F343623804B', 'HostId': 'community-fault-img.oss-cn-shanghai.aliyuncs.com', 'BucketName': 'community-fault-img', 'EC': '0015-00000101', 'RecommendDoc': 'https://api.aliyun.com/troubleshoot?q=0015-00000101'}}
2026-03-16 13:59:56,922 - community_algorithm - ERROR - oss_oper.py:36 - OSS客户端初始化失败（OssError）: {'status': 404, 'x-oss-request-id': '69B79C5C897E313236318BDD', 'details': {'Code': 'NoSuchBucket', 'Message': 'The specified bucket does not exist.', 'RequestId': '69B79C5C897E313236318BDD', 'HostId': 'community-fault-img.oss-cn-shanghai.aliyuncs.com', 'BucketName': 'community-fault-img', 'EC': '0015-00000101', 'RecommendDoc': 'https://api.aliyun.com/troubleshoot?q=0015-00000101'}}
2026-03-16 14:11:08,011 - community_algorithm - ERROR - oss_oper.py:36 - OSS客户端初始化失败（OssError）: {'status': 403, 'x-oss-request-id': '69B79EFB5A6CA33235E4510B', 'details': {'Code': 'InvalidAccessKeyId', 'Message': 'The OSS Access Key Id you provided does not exist in our records.', 'RequestId': '69B79EFB5A6CA33235E4510B', 'HostId': 'community-alservice.oss-cn-shanghai.aliyuncs.com', 'OSSAccessKeyId': 'your_access_key', 'EC': '0002-00000902', 'RecommendDoc': 'https://api.aliyun.com/troubleshoot?q=0002-00000902'}}
2026-03-16 14:14:12,545 - community_algorithm - ERROR - oss_oper.py:36 - OSS客户端初始化失败（OssError）: {'status': 403, 'x-oss-request-id': '69B79FB43BC8193835A15FED', 'details': {'Code': 'SignatureDoesNotMatch', 'Message': 'The request signature we calculated does not match the signature you provided. Check your key and signing method.', 'RequestId': '69B79FB43BC8193835A15FED', 'HostId': 'community-alservice.oss-cn-shanghai.aliyuncs.com', 'OSSAccessKeyId': 'LTAI5tAo1oec87crxTkBw87F', 'SignatureProvided': 'eimg5jmpea6ojZ5zoNDcflekloQ=', 'StringToSign': 'GET\n\n\nMon, 16 Mar 2026 06:14:12 GMT\n/community-alservice/?bucketInfo', 'StringToSignBytes': '47 45 54 0A 0A 0A 4D 6F 6E 2C 20 31 36 20 4D 61 72 20 32 30 32 36 20 30 36 3A 31 34 3A 31 32 20 47 4D 54 0A 2F 63 6F 6D 6D 75 6E 69 74 79 2D 61 6C 73 65 72 76 69 63 65 2F 3F 62 75 63 6B 65 74 49 6E 66 6F ', 'EC': '0002-00000040', 'RecommendDoc': 'https://api.aliyun.com/troubleshoot?q=0002-00000040'}}
2026-03-16 14:14:26,018 - community_algorithm - INFO - oss_oper.py:34 - OSS客户端初始化成功
2026-03-16 14:14:36,016 - community_algorithm - INFO - oss_oper.py:34 - OSS客户端初始化成功
2026-03-16 14:14:43,005 - community_algorithm - INFO - oss_oper.py:34 - OSS客户端初始化成功
2026-03-16 14:30:42,921 - community_algorithm - INFO - oss_oper.py:34 - OSS客户端初始化成功
2026-03-16 14:30:53,721 - community_algorithm - INFO - oss_oper.py:34 - OSS客户端初始化成功
2026-03-16 14:40:22,116 - community_algorithm - INFO - oss_oper.py:34 - OSS客户端初始化成功
2026-03-16 14:44:15,308 - community_algorithm - INFO - oss_oper.py:34 - OSS客户端初始化成功
2026-03-16 14:44:17,507 - community_algorithm - INFO - oss_oper.py:34 - OSS客户端初始化成功
2026-03-16 15:06:11,887 - community_algorithm - ERROR - redis_oper.py:61 - 获取人员状态失败: Expecting value: line 1 column 216 (char 215)
2026-03-16 15:07:07,693 - community_algorithm - INFO - oss_oper.py:34 - OSS客户端初始化成功
2026-03-16 15:07:13,271 - community_algorithm - INFO - oss_oper.py:34 - OSS客户端初始化成功
2026-03-16 15:07:53,191 - community_algorithm - ERROR - redis_oper.py:61 - 获取人员状态失败: Expecting value: line 1 column 216 (char 215)
2026-03-16 15:08:29,875 - community_algorithm - ERROR - redis_oper.py:61 - 获取人员状态失败: Expecting value: line 1 column 216 (char 215)
2026-03-16 15:10:55,204 - community_algorithm - ERROR - redis_oper.py:61 - 获取人员状态失败: Expecting value: line 1 column 216 (char 215)
2026-03-16 15:39:42,798 - community_algorithm - ERROR - oss_oper.py:104 - 无效的OSS URL: https://p26-flow-imagex-sign.byteimg.com/tos-cn-i-a9rns2rl98/40066d99bd2648c7a5a3ada2f90cc45f.png
2026-03-16 15:41:52,609 - community_algorithm - ERROR - oss_oper.py:104 - 无效的OSS URL: https://p26-flow-imagex-sign.byteimg.com/tos-cn-i-a9rns2rl98/40066d99bd2648c7a5a3ada2f90cc45f.png
2026-03-16 15:44:34,624 - community_algorithm - INFO - oss_oper.py:34 - OSS客户端初始化成功
2026-03-16 15:45:33,315 - community_algorithm - INFO - oss_oper.py:34 - OSS客户端初始化成功
2026-03-16 15:49:27,204 - community_algorithm - INFO - oss_oper.py:34 - OSS客户端初始化成功
2026-03-16 15:49:57,659 - community_algorithm - INFO - oss_oper.py:34 - OSS客户端初始化成功
2026-03-16 15:50:52,373 - community_algorithm - INFO - oss_oper.py:34 - OSS客户端初始化成功
2026-03-16 15:50:55,274 - community_algorithm - INFO - oss_oper.py:34 - OSS客户端初始化成功
2026-03-16 16:50:13,097 - community_algorithm - INFO - oss_oper.py:34 - OSS客户端初始化成功
2026-03-16 16:50:15,867 - community_algorithm - INFO - oss_oper.py:34 - OSS客户端初始化成功
2026-03-16 16:53:57,726 - community_algorithm - INFO - oss_oper.py:34 - OSS客户端初始化成功
2026-03-16 16:54:16,202 - community_algorithm - INFO - oss_oper.py:34 - OSS客户端初始化成功
